// Jest Snapshot v1, https://goo.gl/fbAQLP

exports[`Counter Component should match with snapshot 1`] = `
<h2>Custom Title</h2>
<p>100 <sup>2</sup> = 10000</p>
<div class="buttons-container"><button>+1</button><button>-1</button></div>
`;
